name: ci

on:
  pull_request:
    branches: [main]
  push:
    branches: [main]

concurrency:
  group: ${{ github.workflow }}-${{ github.ref }}
  cancel-in-progress: true

jobs:
  unit:
    name: unit
    runs-on: ubuntu-latest
    steps:
      - name: Checkout
        uses: actions/checkout@692973e3d937129bcbf40652eb9f2f61becf3332 # v4.1.7

      - name: Setup Node
        uses: actions/setup-node@1e60f620b9541d16bece96c5465dc8ee9832be0b # v4.0.3
        with:
          node-version: "20.17.0"

      - name: Install test deps
        run: npm install --no-save vitest@3.0.5 @vitest/coverage-v8@3.0.5

      - name: Unit tests
        run: make test-unit

      - name: Unit tests (coverage)
        run: make test-coverage
