# Tests — TODO(identity.name)

Guia rapida del harness de tests emitido por `pos` (Fase C3).

## Stack detectado

- Language: `typescript`
- Unit framework: `vitest`
- Coverage threshold: `85%`

## Entry-point universal

Todos los comandos se invocan desde el `Makefile` de la raiz:

```bash
make test          # alias de test-unit
make test-unit     # unit tests
make test-coverage # unit tests con coverage
make test-e2e      # placeholder; ver seccion E2E mas abajo
make clean         # limpia coverage + caches
```

## Unit tests

Runner: **vitest**. Config: `vitest.config.ts` (raiz). Discovery: `tests/**/*.test.ts`.

Ejemplo inicial: `tests/smoke.test.ts` — una assertion trivial que verifica que el runner arranca.

## Coverage

Threshold declarado en el profile: `85%`.

`vitest.config.ts` aplica el threshold en `coverage.thresholds` (lines/functions/branches/statements).


## Que NO emite C3 (diferidos)

- `package.json` (TS) / `pyproject.toml` (Python): la instalacion del stack es responsabilidad de una fase posterior del generador. Hasta entonces, asume el stack instalado en el entorno local.
- Integration harness separado (solo unit + placeholder e2e).
- Frameworks no canonicos: `jest`, `go-test`, `cargo-test` quedan diferidos hasta que aparezca un profile canonico que los use (CLAUDE.md regla #7: patrones antes de abstraer).

## Anadir un test

1. Crea `tests/<nombre>.test.ts` siguiendo el patron de `smoke.test.ts`.
2. Corre `make test` para ejecutar unit + cubrir el nuevo archivo.
3. Si vas a tocar coverage, corre `make test-coverage` para verificar threshold.
